// WARNING: This file is machine generated by fidlgen.

#pragma once

#include "src/connectivity/overnet/deprecated/lib/embedded/header.h"

#include <test/name/cpp/fidl.h>

namespace test {
namespace name {
namespace embedded {

enum class MyBits : uint32_t {
  MY_FIRST_BIT = 1u,
  MY_OTHER_BIT = 2u,
};

inline zx_status_t Clone(::test::name::embedded::MyBits value,
                         ::test::name::embedded::MyBits* result) {
  *result = value;
  return ZX_OK;
}


}  // namespace embedded
}  // namespace name
}  // namespace test
namespace fidl {

template <>
struct CodingTraits<::test::name::embedded::MyBits> {
  static constexpr size_t encoded_size = sizeof(::test::name::embedded::MyBits);
  static void Encode(::overnet::internal::Encoder* encoder, ::test::name::embedded::MyBits* value, size_t offset) {
    uint32_t underlying = static_cast<uint32_t>(*value);
    ::fidl::Encode(encoder, &underlying, offset);
  }
  static void Decode(::overnet::internal::Decoder* decoder, ::test::name::embedded::MyBits* value, size_t offset) {
    uint32_t underlying = {};
    ::fidl::Decode(decoder, &underlying, offset);
    *value = static_cast<::test::name::embedded::MyBits>(underlying);
  }
};

inline zx_status_t Clone(::test::name::embedded::MyBits value,
                         ::test::name::embedded::MyBits* result) {
  return ::test::name::embedded::Clone(value, result);
}}  // namespace fidl
