// WARNING: This file is machine generated by fidlgen.

#pragma once

#include <lib/fidl/internal.h>
#include <lib/fidl/cpp/vector_view.h>
#include <lib/fidl/cpp/string_view.h>
#include <lib/fidl/llcpp/array.h>
#include <lib/fidl/llcpp/coding.h>
#include <lib/fidl/llcpp/sync_call.h>
#include <lib/fidl/llcpp/traits.h>
#include <lib/fidl/llcpp/transaction.h>
#include <lib/fit/function.h>
#include <zircon/fidl.h>

namespace llcpp {

namespace test {
namespace name {

enum class EnumType : int32_t {
  VALUE = 1u,
};


enum class BitsType : int32_t {
  VALUE = 1u,
};



extern const char USERNAME[];

constexpr uint32_t POPULATION_USA_2018 = 330000000u;

constexpr int8_t OFFSET = -33;

constexpr float MIN_TEMP = -273.15;

constexpr uint64_t FUCHSIA = 4054509061583223046u;

constexpr EnumType enumVal = EnumType::VALUE;

constexpr int32_t enumPrimitiveVal = EnumType::VALUE;

constexpr bool ENABLED_FLAG = true;

constexpr uint64_t DIAMOND = 1746410393481133080u;

constexpr double CONVERSION_FACTOR = 1.41421;

constexpr BitsType bitsVal = BitsType::VALUE;

constexpr int32_t bitsPrimitiveVal = BitsType::VALUE;

constexpr uint16_t ANSWER_IN_BINARY = 42u;

constexpr uint16_t ANSWER = 42u;

}  // namespace name
}  // namespace test
}  // namespace llcpp

namespace fidl {

}  // namespace fidl
