// WARNING: This file is machine generated by fidlgen.

#include <consts.test.fidl.json.overnet_embedded.h>

#include "src/connectivity/overnet/deprecated/lib/embedded/implementation.h"
namespace test {
namespace name {
namespace embedded {

const char USERNAME[] = "\"squeenze\"";

}  // namespace embedded
}  // namespace name
}  // namespace test
