// WARNING: This file is machine generated by fidlgen.

#include <doc_comments.test.fidl.json.h>

#include "lib/fidl/cpp/internal/implementation.h"
namespace test {
namespace name {

Union::Union() : value_() {}

Union::~Union() {
}

Union::Union(Union&& other) : value_(std::move(other.value_)) {
}

Union& Union::operator=(Union&& other) {
  if (this != &other) {
    value_ = std::move(other.value_);
  }
  return *this;
}

void Union::Encode(::fidl::Encoder* _encoder, size_t _offset) {
  fidl_union_tag_t _tag = static_cast<fidl_union_tag_t>(Which());
  ::fidl::Encode(_encoder, &_tag, _offset);
  switch (_tag) {
   case 0:
    ::fidl::Encode(_encoder, &Field(), _offset + 4);
    break;
   default:
    break;
  }
}

void Union::Decode(::fidl::Decoder* _decoder, Union* _value, size_t _offset) {
  fidl_union_tag_t _tag;
  ::fidl::Decode(_decoder, &_tag, _offset);
  switch (_tag) {
   case 0:
    {
      int32_t _member{};
      ::fidl::Decode(_decoder, &_member, _offset + 4);
      _value->set_Field(std::move(_member));
      break;
    }
   default:
    _value->value_.emplace<0>();
  }
}

zx_status_t Union::Clone(Union* _result) const {
  zx_status_t _status = ZX_OK;
  switch (Which()) {
    case Tag::kField:
      {
        int32_t _member{};
        _status = ::fidl::Clone(Field(), &_member);
        if (_status == ZX_OK) {
          _result->set_Field(std::move(_member));
        }
      }
      break;
    case Tag::Invalid:
      _result->value_.emplace<0>();
      break;
  }
  return _status;
}

void Union::set_Field(int32_t value) {
  value_.emplace<static_cast<size_t>(Tag::kField) + 1>(std::move(value));
}
extern "C" const fidl_type_t test_name_TableTable;
const fidl_type_t* Table::FidlType = &test_name_TableTable;

Table::Table() :
  has_Field_(false) {
}

Table::Table(Table&& other) {
  has_Field_ = other.has_Field_;
  if (has_Field_) {
    Construct(&Field_value_.value, std::move(other.Field_value_.value));
  }
}

Table::~Table() {
  if (has_Field_) {
    Destruct(&Field_value_.value);
  }
}

Table& Table::operator=(Table&& other) {
  if (other.has_Field_) {
    if (has_Field_) {
      Field_value_.value = std::move(other.Field_value_.value);
    } else {
      has_Field_ = true;
      Construct(&Field_value_.value, std::move(other.Field_value_.value));
    }
  } else if (has_Field_) {
    has_Field_ = false;
    Destruct(&Field_value_.value);
  }
  return *this;
}

bool Table::IsEmpty() const {
  if (has_Field_) return false;
  return true;
}

void Table::Encode(::fidl::Encoder* _encoder, size_t _offset) {
  size_t max_ordinal = 0;
  if (has_Field_) max_ordinal = 1;
  ::fidl::EncodeVectorPointer(_encoder, max_ordinal, _offset);
  if (max_ordinal == 0) return;
  size_t base = _encoder->Alloc(max_ordinal * 2 * sizeof(uint64_t));
  if (has_Field_) {
    const size_t length_before = _encoder->CurrentLength();
    const size_t handles_before = _encoder->CurrentHandleCount();
    ::fidl::Encode(
        _encoder,
        &Field_value_.value,
        _encoder->Alloc(::fidl::CodingTraits<int32_t>::encoded_size));
    size_t envelope_base = base + (1 - 1) * 2 * sizeof(uint64_t);
    uint64_t num_bytes_then_num_handles =
        (_encoder->CurrentLength() - length_before) |
        ((_encoder->CurrentHandleCount() - handles_before) << 32);
    ::fidl::Encode(_encoder, &num_bytes_then_num_handles, envelope_base);
    *_encoder->GetPtr<uintptr_t>(envelope_base + sizeof(uint64_t)) = FIDL_ALLOC_PRESENT;
  }
}

void Table::Decode(::fidl::Decoder* _decoder, Table* _value, size_t _offset) {
  fidl_vector_t* encoded = _decoder->GetPtr<fidl_vector_t>(_offset);
  size_t base;
  size_t count;
  if (!encoded->data) {
    goto clear_all;
  }

  base = _decoder->GetOffset(encoded->data);
  count = encoded->count;
  if (count >= 1) {
    size_t envelope_base = base + (1 - 1) * 2 * sizeof(uint64_t);
    uint64_t presence;
    ::fidl::Decode(_decoder, &presence, envelope_base + sizeof(uint64_t));
    if (presence != 0) {
      ::fidl::Decode(_decoder, _value->mutable_Field(), _decoder->GetOffset(presence));
    } else {
      _value->clear_Field();
    }
  } else {
    goto done_1;
  }

  return;

  // Clear unset values.
clear_all:
done_1:
  _value->clear_Field();
  return;
}

zx_status_t Table::Clone(Table* result) const {
  if (has_Field_) {
    zx_status_t _status = ::fidl::Clone(Field_value_.value, result->mutable_Field());
    if (_status != ZX_OK)
      return _status;
  } else {
    result->clear_Field();
  }
  return ZX_OK;
}
extern "C" const fidl_type_t test_name_StructTable;
const fidl_type_t* Struct::FidlType = &test_name_StructTable;

void Struct::Encode(::fidl::Encoder* _encoder, size_t _offset) {
  ::fidl::Encode(_encoder, &Field, _offset + 0);
}

void Struct::Decode(::fidl::Decoder* _decoder, Struct* value, size_t _offset) {
  ::fidl::Decode(_decoder, &value->Field, _offset + 0);
}

zx_status_t Struct::Clone(Struct* _result) const {
  zx_status_t _status = ::fidl::Clone(Field, &_result->Field);
  if (_status != ZX_OK)
    return _status;
  return ZX_OK;
}
#ifdef __Fuchsia__
namespace {

extern "C" const fidl_type_t test_name_InterfaceMethodRequestTable;

extern "C" const fidl_type_t test_name_InterfaceOnEventEventTable;

}  // namespace

Interface::~Interface() = default;

const fidl_type_t* Interface_RequestDecoder::GetType(uint64_t ordinal, bool* out_needs_response) {
  switch (ordinal) {
    case internal::kInterface_Method_GenOrdinal:
      *out_needs_response = false;
      return &test_name_InterfaceMethodRequestTable;
    default:
      *out_needs_response = false;
      return nullptr;
  }
}

const fidl_type_t* Interface_ResponseDecoder::GetType(uint64_t ordinal) {
  switch (ordinal) {
    case internal::kInterface_OnEvent_GenOrdinal:
      return &test_name_InterfaceOnEventEventTable;
    default:
      return nullptr;
  }
}

Interface_EventSender::~Interface_EventSender() = default;

Interface_Sync::~Interface_Sync() = default;

Interface_Proxy::Interface_Proxy(::fidl::internal::ProxyController* controller)
    : controller_(controller) {
  (void)controller_;
}

Interface_Proxy::~Interface_Proxy() = default;

zx_status_t Interface_Proxy::Dispatch_(::fidl::Message message) {
  zx_status_t status = ZX_OK;
  switch (message.ordinal()) {
    case internal::kInterface_OnEvent_GenOrdinal:
    {
      if (!OnEvent) {
        status = ZX_OK;
        break;
      }
      const char* error_msg = nullptr;
      status = message.Decode(&test_name_InterfaceOnEventEventTable, &error_msg);
      if (status != ZX_OK) {
        FIDL_REPORT_DECODING_ERROR(message, &test_name_InterfaceOnEventEventTable, error_msg);
        break;
      }
      OnEvent();
      break;
    }
    default: {
      status = ZX_ERR_NOT_SUPPORTED;
      break;
    }
  }
  return status;
}


void Interface_Proxy::Method() {
  ::fidl::Encoder _encoder(internal::kInterface_Method_GenOrdinal);
  controller_->Send(&test_name_InterfaceMethodRequestTable, Interface_RequestEncoder::Method(&_encoder), nullptr);
}

Interface_Stub::Interface_Stub(Interface_clazz* impl) : impl_(impl) {
  (void)impl_;
}

Interface_Stub::~Interface_Stub() = default;

namespace {

}  // namespace

zx_status_t Interface_Stub::Dispatch_(
    ::fidl::Message message,
    ::fidl::internal::PendingResponse response) {
  bool needs_response;
  const fidl_type_t* request_type = Interface_RequestDecoder::GetType(message.ordinal(), &needs_response);
  if (request_type == nullptr) {
    return ZX_ERR_NOT_SUPPORTED;
  }
  if (response.needs_response() != needs_response) {
    if (needs_response) {
      FIDL_REPORT_DECODING_ERROR(message, request_type, "Message needing a response with no txid");
    } else {
      FIDL_REPORT_DECODING_ERROR(message, request_type, "Message not needing a response with a txid");
    }
    return ZX_ERR_INVALID_ARGS;
  }
  const char* error_msg = nullptr;
  zx_status_t status = message.Decode(request_type, &error_msg);
  if (status != ZX_OK) {
    FIDL_REPORT_DECODING_ERROR(message, request_type, error_msg);
    return status;
  }
  uint64_t ordinal = message.ordinal();
  switch (ordinal) {
    case internal::kInterface_Method_GenOrdinal:
    {
      impl_->Method();
      break;
    }
    default: {
      status = ZX_ERR_NOT_SUPPORTED;
      break;
    }
  }
  return status;
}
void Interface_Stub::OnEvent() {
  ::fidl::Encoder _encoder(internal::kInterface_OnEvent_GenOrdinal);
  sender_()->Send(&test_name_InterfaceOnEventEventTable, Interface_ResponseEncoder::OnEvent(&_encoder));
}

Interface_SyncProxy::Interface_SyncProxy(::zx::channel channel)
    : proxy_(::std::move(channel)) {}

Interface_SyncProxy::~Interface_SyncProxy() = default;

zx_status_t Interface_SyncProxy::Method() {
  ::fidl::Encoder _encoder(internal::kInterface_Method_GenOrdinal);
  return proxy_.Send(&test_name_InterfaceMethodRequestTable, Interface_RequestEncoder::Method(&_encoder));
}

#endif // __Fuchsia__

}  // namespace name
}  // namespace test

