// WARNING: This file is machine generated by fidlgen.

#pragma once

#include "src/connectivity/overnet/lib/embedded/header.h"

#include <test/name/cpp/fidl.h>

namespace test {
namespace name {
namespace embedded {

class Union;
class Table;
class Struct;

// union comment #1
//
// union comment #3
class Union {
 public:
  Union();
  ~Union();

  Union(Union&&);
  Union& operator=(Union&&);

  enum class Tag : fidl_union_tag_t {
    kField = 0,
    Invalid = ::std::numeric_limits<::fidl_union_tag_t>::max(),
  };

  static inline ::std::unique_ptr<Union> New() { return ::std::make_unique<Union>(); }

  void Encode(::overnet::internal::Encoder* _encoder, size_t _offset);
  static void Decode(::overnet::internal::Decoder* _decoder, Union* _value, size_t _offset);
  zx_status_t Clone(Union* result) const;

  bool has_invalid_tag() const { return Which() == Tag::Invalid; }

  bool is_Field() const { return Which() == Tag(0); }
  
  // union member comment #1
  //
  // union member comment #3
  int32_t& Field() {
    if (!is_Field()) {
      value_.emplace<0 + 1>();
    }
    return value_.template get<0 + 1>();
  }
  
  // union member comment #1
  //
  // union member comment #3
  const int32_t& Field() const { return value_.template get<0 + 1>(); }
  void set_Field(int32_t value);

  Tag Which() const {
    size_t index = value_.index();
    if (index == 0) {
      return Tag::Invalid;
    } else {
      return Tag(index - 1);
    }
  }

 private:
  using Variant = fit::internal::variant<fit::internal::monostate, int32_t>;
  Variant value_;
};

inline zx_status_t Clone(const ::test::name::embedded::Union& value,
                         ::test::name::embedded::Union* result) {
  return value.Clone(result);
}

using UnionPtr = ::std::unique_ptr<Union>;

// table comment #1
//
// table comment #3
class Table  {
 public:
  static const fidl_type_t* FidlType;
  
  // table field comment #1
  //
  // table field comment #3
  const int32_t& Field() const {
    assert(has_Field_);
    return Field_value_.value;
  }
  bool has_Field() const {
    return has_Field_;
  }
  
  // table field comment #1
  //
  // table field comment #3
  int32_t* mutable_Field() {
    if (!has_Field_) {
      has_Field_ = true;
      Construct(&Field_value_.value);
    }
    return &Field_value_.value;
  }
  void set_Field(int32_t _value) {
    if (!has_Field_) {
      has_Field_ = true;
      Construct(&Field_value_.value, std::move(_value));
    } else {
      Field_value_.value = std::move(_value);
    }
  }
  void clear_Field() {
    if (!has_Field_) {
      return;
    }
    has_Field_ = false;
    Destruct(&Field_value_.value);
  }

  Table();
  Table(Table&& other);
  ~Table();
  Table& operator=(Table&& other);

  static inline ::std::unique_ptr<Table> New() { return ::std::make_unique<Table>(); }

  void Encode(::overnet::internal::Encoder* _encoder, size_t _offset);
  static void Decode(::overnet::internal::Decoder* _decoder, Table* _value, size_t _offset);
  zx_status_t Clone(Table* _result) const;

 private:
  template <class T, class... Args>
  void Construct(T* p, Args&&... args) {
    new (p) T(std::forward<Args>(args)...);
  }

  template <class T>
  void Destruct(T* p) {
    p->~T();
  }
  bool has_Field_ : 1;
  union ValueUnion_Field {
    ValueUnion_Field() {}
    ~ValueUnion_Field() {}

    int32_t value;
  };
  ValueUnion_Field Field_value_;
};


using TablePtr = ::std::unique_ptr<Table>;

// struct comment #1
//
// struct comment #3
class Struct  {
 public:
  static const fidl_type_t* FidlType;
  
  // struct member comment #1
  //
  // struct member comment #3
  int32_t Field{};

  static inline ::std::unique_ptr<Struct> New() { return ::std::make_unique<Struct>(); }

  void Encode(::overnet::internal::Encoder* _encoder, size_t _offset);
  static void Decode(::overnet::internal::Decoder* _decoder, Struct* value, size_t _offset);
  zx_status_t Clone(Struct* result) const;
};

inline zx_status_t Clone(const ::test::name::embedded::Struct& _value,
                         ::test::name::embedded::Struct* _result) {
  return _value.Clone(_result);
}

using StructPtr = ::std::unique_ptr<Struct>;

// const comment #1
//
// const comment #3
constexpr int32_t C = 4u;

}  // namespace embedded
}  // namespace name
}  // namespace test
namespace fidl {

template <>
struct CodingTraits<::test::name::embedded::Union>
    : public EncodableCodingTraits<::test::name::embedded::Union, 8> {};

inline zx_status_t Clone(const ::test::name::embedded::Union& value,
                         ::test::name::embedded::Union* result) {
  return ::test::name::embedded::Clone(value, result);
}

template<>
struct Equality<::test::name::embedded::Union> {
  static inline bool Equals(const ::test::name::embedded::Union& _lhs, const ::test::name::embedded::Union& _rhs) {
    if (_lhs.Which() != _rhs.Which()) {
      return false;
    }
    switch (_lhs.Which()) {
      case ::test::name::Union::Tag::kField:
	return ::fidl::Equals(_lhs.Field(), _rhs.Field());
      case ::test::name::Union::Tag::Invalid:
	return true;
      default:
	return false;
    }
  }
};
template <>
struct CodingTraits<::test::name::embedded::Table>
    : public EncodableCodingTraits<::test::name::embedded::Table, 16> {};

inline zx_status_t Clone(const ::test::name::embedded::Table& _value,
                         ::test::name::embedded::Table* result) {
  return _value.Clone(result);
}

template <>
struct ToEmbeddedTraits<::test::name::Table> {
  static ::test::name::embedded::Table Lift(const ::test::name::Table& _value) {
    ::test::name::embedded::Table _out;
    if (_value.has_Field()) {
      *_out.mutable_Field() = ToEmbedded(_value.Field());
    }
    return _out;
  }
};

template<>
struct Equality<::test::name::embedded::Table> {
  static inline bool Equals(const ::test::name::embedded::Table& _lhs, const ::test::name::embedded::Table& _rhs) {
    if (_lhs.has_Field()) {
      if (!_rhs.has_Field()) {
	return false;
      }
      if (!::fidl::Equals(_lhs.Field(), _rhs.Field())) {
	return false;
      }
    } else if (_rhs.has_Field()) {
      return false;
    }
    return true;
  }
};
template <>
struct CodingTraits<::test::name::embedded::Struct>
    : public EncodableCodingTraits<::test::name::embedded::Struct, 4> {};

inline zx_status_t Clone(const ::test::name::embedded::Struct& value,
                         ::test::name::embedded::Struct* result) {
  return ::test::name::embedded::Clone(value, result);
}

template <>
struct ToEmbeddedTraits<::test::name::Struct> {
  static ::test::name::embedded::Struct Lift(const ::test::name::Struct& _value) {
    return ::test::name::embedded::Struct {
      ToEmbedded(_value.Field),
    };
  }
};

template<>
struct Equality<::test::name::embedded::Struct> {
  static inline bool Equals(const ::test::name::embedded::Struct& _lhs, const ::test::name::embedded::Struct& _rhs) {
    if (!::fidl::Equals(_lhs.Field, _rhs.Field)) {
      return false;
    }
    return true;
  }
};}  // namespace fidl
