
#pragma once

#include "src/connectivity/overnet/deprecated/lib/protocol/fidl_stream.h"

#include "test/name/cpp/fidl.h"
  namespace test {
  namespace name {
  
  
  
  
  
  
  }  // namespace name
  }  // namespace test
