// WARNING: This file is machine generated by fidlgen.

#include <empty_struct.test.fidl.json.h>

#include "lib/fidl/cpp/internal/implementation.h"
namespace test {
namespace name {

extern "C" const fidl_type_t test_name_EmptyTable;
const fidl_type_t* Empty::FidlType = &test_name_EmptyTable;

void Empty::Encode(::fidl::Encoder* _encoder, size_t _offset) {
  ::fidl::Encode(_encoder, &__reserved, _offset + 0);
}

void Empty::Decode(::fidl::Decoder* _decoder, Empty* value, size_t _offset) {
  ::fidl::Decode(_decoder, &value->__reserved, _offset + 0);
}

zx_status_t Empty::Clone(Empty* _result) const {
  zx_status_t _status = ::fidl::Clone(__reserved, &_result->__reserved);
  if (_status != ZX_OK)
    return _status;
  return ZX_OK;
}
}  // namespace name
}  // namespace test

