// WARNING: This file is machine generated by fidlgen.

#![allow(
	deprecated, // FIDL Impl struct pattern is referenced internally
	unused_parens, // one-element-tuple-case is not a tuple
	unused_mut, // not all args require mutation, but many do
	nonstandard_style, // auto-caps does its best, but is not always successful
)]

#[allow(unused_imports)]
use fuchsia_zircon as zx;
#[allow(unused_imports)]
use fidl::{
	fidl_bits,
	fidl_enum,
	fidl_empty_struct,
	fidl_struct,
	fidl_table,
	fidl_union,
	fidl_xunion,
};


#[derive(Debug, Eq, PartialEq, Ord, PartialOrd, Hash)]
pub struct Handles {
  pub plain_handle: zx::Handle,
  pub bti_handle: zx::Bti,
  pub channel_handle: zx::Channel,
  pub debuglog_handle: zx::Log,
  pub event_handle: zx::Event,
  pub eventpair_handle: zx::EventPair,
  pub exception_handle: zx::Exception,
  pub fifo_handle: zx::Fifo,
  pub guest_handle: zx::Guest,
  pub interrupt_handle: zx::Interrupt,
  pub job_handle: zx::Job,
  pub process_handle: zx::Process,
  pub profile_handle: zx::Profile,
  pub port_handle: zx::Port,
  pub resource_handle: zx::Resource,
  pub socket_handle: zx::Socket,
  pub thread_handle: zx::Thread,
  pub timer_handle: zx::Timer,
  pub vmar_handle: zx::Vmar,
  pub vmo_handle: zx::Vmo,
}

fidl_struct! {
  name: Handles,
  members: [
    plain_handle {
      ty: zx::Handle,
      offset: 0,
    },
    bti_handle {
      ty: zx::Bti,
      offset: 4,
    },
    channel_handle {
      ty: zx::Channel,
      offset: 8,
    },
    debuglog_handle {
      ty: zx::Log,
      offset: 12,
    },
    event_handle {
      ty: zx::Event,
      offset: 16,
    },
    eventpair_handle {
      ty: zx::EventPair,
      offset: 20,
    },
    exception_handle {
      ty: zx::Exception,
      offset: 24,
    },
    fifo_handle {
      ty: zx::Fifo,
      offset: 28,
    },
    guest_handle {
      ty: zx::Guest,
      offset: 32,
    },
    interrupt_handle {
      ty: zx::Interrupt,
      offset: 36,
    },
    job_handle {
      ty: zx::Job,
      offset: 40,
    },
    process_handle {
      ty: zx::Process,
      offset: 44,
    },
    profile_handle {
      ty: zx::Profile,
      offset: 48,
    },
    port_handle {
      ty: zx::Port,
      offset: 52,
    },
    resource_handle {
      ty: zx::Resource,
      offset: 56,
    },
    socket_handle {
      ty: zx::Socket,
      offset: 60,
    },
    thread_handle {
      ty: zx::Thread,
      offset: 64,
    },
    timer_handle {
      ty: zx::Timer,
      offset: 68,
    },
    vmar_handle {
      ty: zx::Vmar,
      offset: 72,
    },
    vmo_handle {
      ty: zx::Vmo,
      offset: 76,
    },
  ],
  size: 80,
  align: 4,
}
