// WARNING: This file is machine generated by fidlgen.

#pragma once


namespace test {
namespace name {
namespace testing {
}  // namespace testing
}  // namespace name
}  // namespace test
