// Code generated by fidlgen; DO NOT EDIT.

package name


import (
	_zx "syscall/zx"
	_bindings "syscall/zx/fidl"
)





type Handles struct {
	_ struct{} `fidl2:"s,80,4"`
	PlainHandle _zx.Handle`fidl2:"0"`
	BtiHandle _zx.Handle`fidl2:"0"`
	ChannelHandle _zx.Channel`fidl2:"0"`
	DebuglogHandle _zx.Log`fidl2:"0"`
	EventHandle _zx.Event`fidl2:"0"`
	EventpairHandle _zx.Handle`fidl2:"0"`
	ExceptionHandle _zx.Handle`fidl2:"0"`
	FifoHandle _zx.Handle`fidl2:"0"`
	GuestHandle _zx.Handle`fidl2:"0"`
	InterruptHandle _zx.Handle`fidl2:"0"`
	JobHandle _zx.Handle`fidl2:"0"`
	ProcessHandle _zx.Handle`fidl2:"0"`
	ProfileHandle _zx.Handle`fidl2:"0"`
	PortHandle _zx.Port`fidl2:"0"`
	ResourceHandle _zx.Handle`fidl2:"0"`
	SocketHandle _zx.Socket`fidl2:"0"`
	ThreadHandle _zx.Handle`fidl2:"0"`
	TimerHandle _zx.Handle`fidl2:"0"`
	VmarHandle _zx.VMAR`fidl2:"0"`
	VmoHandle _zx.VMO`fidl2:"0"`
}

var _mHandles = _bindings.CreateLazyMarshaler(Handles{})

func (msg *Handles) Marshaler() _bindings.Marshaler {
	return _mHandles
}
