// WARNING: This file is machine generated by fidlgen.

#include <ordinal_switch.test.fidl.json.llcpp.h>
#include <memory>

namespace llcpp {

namespace test {
namespace name {

namespace {

[[maybe_unused]]
constexpr uint64_t kSwitchingOrdinals_OrdinalFive_Ordinal = 2005164903lu << 32;
[[maybe_unused]]
constexpr uint64_t kSwitchingOrdinals_OnlyGeneratedOrdinal_Ordinal = 667506719lu << 32;
[[maybe_unused]]
constexpr uint64_t kSwitchingOrdinals_EventOrdinalFifteen_Ordinal = 1467258273lu << 32;
[[maybe_unused]]
constexpr uint64_t kSwitchingOrdinals_EventOnlyGeneratedOrdinal_Ordinal = 2146190926lu << 32;

}  // namespace

zx_status_t SwitchingOrdinals::SyncClient::OrdinalFive() {
  return SwitchingOrdinals::Call::OrdinalFive(zx::unowned_channel(this->channel_));
}

zx_status_t SwitchingOrdinals::Call::OrdinalFive(zx::unowned_channel _client_end) {
  constexpr uint32_t _kWriteAllocSize = ::fidl::internal::ClampedMessageSize<OrdinalFiveRequest>();
  FIDL_ALIGNDECL uint8_t _write_bytes[_kWriteAllocSize] = {};
  auto& _request = *reinterpret_cast<OrdinalFiveRequest*>(_write_bytes);
  _request._hdr.ordinal = kSwitchingOrdinals_OrdinalFive_Ordinal;
  ::fidl::BytePart _request_bytes(_write_bytes, _kWriteAllocSize, sizeof(OrdinalFiveRequest));
  ::fidl::DecodedMessage<OrdinalFiveRequest> _decoded_request(std::move(_request_bytes));
  auto _encode_request_result = ::fidl::Encode(std::move(_decoded_request));
  if (_encode_request_result.status != ZX_OK) {
    return _encode_request_result.status;
  }
  return ::fidl::Write(std::move(_client_end), std::move(_encode_request_result.message));
}


zx_status_t SwitchingOrdinals::SyncClient::OnlyGeneratedOrdinal() {
  return SwitchingOrdinals::Call::OnlyGeneratedOrdinal(zx::unowned_channel(this->channel_));
}

zx_status_t SwitchingOrdinals::Call::OnlyGeneratedOrdinal(zx::unowned_channel _client_end) {
  constexpr uint32_t _kWriteAllocSize = ::fidl::internal::ClampedMessageSize<OnlyGeneratedOrdinalRequest>();
  FIDL_ALIGNDECL uint8_t _write_bytes[_kWriteAllocSize] = {};
  auto& _request = *reinterpret_cast<OnlyGeneratedOrdinalRequest*>(_write_bytes);
  _request._hdr.ordinal = kSwitchingOrdinals_OnlyGeneratedOrdinal_Ordinal;
  ::fidl::BytePart _request_bytes(_write_bytes, _kWriteAllocSize, sizeof(OnlyGeneratedOrdinalRequest));
  ::fidl::DecodedMessage<OnlyGeneratedOrdinalRequest> _decoded_request(std::move(_request_bytes));
  auto _encode_request_result = ::fidl::Encode(std::move(_decoded_request));
  if (_encode_request_result.status != ZX_OK) {
    return _encode_request_result.status;
  }
  return ::fidl::Write(std::move(_client_end), std::move(_encode_request_result.message));
}

zx_status_t SwitchingOrdinals::SyncClient::HandleEvents(SwitchingOrdinals::EventHandlers handlers) {
  return SwitchingOrdinals::Call::HandleEvents(zx::unowned_channel(channel_), std::move(handlers));
}

zx_status_t SwitchingOrdinals::Call::HandleEvents(zx::unowned_channel client_end,
                                            SwitchingOrdinals::EventHandlers handlers) {
  zx_status_t status = client_end->wait_one(ZX_CHANNEL_READABLE | ZX_CHANNEL_PEER_CLOSED,
                                            zx::time::infinite(),
                                            nullptr);
  if (status != ZX_OK) {
    return status;
  }
  constexpr uint32_t kReadAllocSize = ([]() constexpr {
    uint32_t x = 0;
    if (::fidl::internal::ClampedMessageSize<EventOrdinalFifteenResponse>() >= x) {
      x = ::fidl::internal::ClampedMessageSize<EventOrdinalFifteenResponse>();
    }
    if (::fidl::internal::ClampedMessageSize<EventOnlyGeneratedOrdinalResponse>() >= x) {
      x = ::fidl::internal::ClampedMessageSize<EventOnlyGeneratedOrdinalResponse>();
    }
    return x;
  })();
  constexpr uint32_t kHandleAllocSize = ([]() constexpr {
    uint32_t x = 0;
    if (EventOrdinalFifteenResponse::MaxNumHandles >= x) {
      x = EventOrdinalFifteenResponse::MaxNumHandles;
    }
    if (EventOnlyGeneratedOrdinalResponse::MaxNumHandles >= x) {
      x = EventOnlyGeneratedOrdinalResponse::MaxNumHandles;
    }
    if (x > ZX_CHANNEL_MAX_MSG_HANDLES) {
      x = ZX_CHANNEL_MAX_MSG_HANDLES;
    }
    return x;
  })();
  FIDL_ALIGNDECL uint8_t read_bytes[kReadAllocSize];
  zx_handle_t read_handles[kHandleAllocSize];
  uint32_t actual_bytes;
  uint32_t actual_handles;
  status = client_end->read(ZX_CHANNEL_READ_MAY_DISCARD,
                            read_bytes, read_handles,
                            kReadAllocSize, kHandleAllocSize,
                            &actual_bytes, &actual_handles);
  if (status == ZX_ERR_BUFFER_TOO_SMALL) {
    // Message size is unexpectedly larger than calculated.
    // This can only be due to a newer version of the protocol defining a new event,
    // whose size exceeds the maximum of known events in the current protocol.
    return handlers.unknown();
  }
  if (status != ZX_OK) {
    return status;
  }
  if (actual_bytes < sizeof(fidl_message_header_t)) {
    zx_handle_close_many(read_handles, actual_handles);
    return ZX_ERR_INVALID_ARGS;
  }
  auto msg = fidl_msg_t {
    .bytes = read_bytes,
    .handles = read_handles,
    .num_bytes = actual_bytes,
    .num_handles = actual_handles
  };
  fidl_message_header_t* hdr = reinterpret_cast<fidl_message_header_t*>(msg.bytes);
  switch (hdr->ordinal) {
    case kSwitchingOrdinals_EventOrdinalFifteen_Ordinal: {
      auto result = ::fidl::DecodeAs<EventOrdinalFifteenResponse>(&msg);
      if (result.status != ZX_OK) {
        return result.status;
      }
      return handlers.event_ordinal_fifteen();
    }
    case kSwitchingOrdinals_EventOnlyGeneratedOrdinal_Ordinal: {
      auto result = ::fidl::DecodeAs<EventOnlyGeneratedOrdinalResponse>(&msg);
      if (result.status != ZX_OK) {
        return result.status;
      }
      return handlers.event_only_generated_ordinal();
    }
    default:
      zx_handle_close_many(read_handles, actual_handles);
      return handlers.unknown();
  }
}

bool SwitchingOrdinals::TryDispatch(Interface* impl, fidl_msg_t* msg, ::fidl::Transaction* txn) {
  if (msg->num_bytes < sizeof(fidl_message_header_t)) {
    zx_handle_close_many(msg->handles, msg->num_handles);
    txn->Close(ZX_ERR_INVALID_ARGS);
    return true;
  }
  fidl_message_header_t* hdr = reinterpret_cast<fidl_message_header_t*>(msg->bytes);
  switch (hdr->ordinal) {
    case kSwitchingOrdinals_OrdinalFive_Ordinal: {
      auto result = ::fidl::DecodeAs<OrdinalFiveRequest>(msg);
      if (result.status != ZX_OK) {
        txn->Close(ZX_ERR_INVALID_ARGS);
        return true;
      }
      impl->OrdinalFive(
        Interface::OrdinalFiveCompleter::Sync(txn));
      return true;
    }
    case kSwitchingOrdinals_OnlyGeneratedOrdinal_Ordinal: {
      auto result = ::fidl::DecodeAs<OnlyGeneratedOrdinalRequest>(msg);
      if (result.status != ZX_OK) {
        txn->Close(ZX_ERR_INVALID_ARGS);
        return true;
      }
      impl->OnlyGeneratedOrdinal(
        Interface::OnlyGeneratedOrdinalCompleter::Sync(txn));
      return true;
    }
    default: {
      return false;
    }
  }
}

bool SwitchingOrdinals::Dispatch(Interface* impl, fidl_msg_t* msg, ::fidl::Transaction* txn) {
  bool found = TryDispatch(impl, msg, txn);
  if (!found) {
    zx_handle_close_many(msg->handles, msg->num_handles);
    txn->Close(ZX_ERR_NOT_SUPPORTED);
  }
  return found;
}


zx_status_t SwitchingOrdinals::SendEventOrdinalFifteenEvent(::zx::unowned_channel _chan) {
  constexpr uint32_t _kWriteAllocSize = ::fidl::internal::ClampedMessageSize<EventOrdinalFifteenResponse>();
  FIDL_ALIGNDECL uint8_t _write_bytes[_kWriteAllocSize] = {};
  auto& _response = *reinterpret_cast<EventOrdinalFifteenResponse*>(_write_bytes);
  _response._hdr = {};
  _response._hdr.ordinal = kSwitchingOrdinals_EventOrdinalFifteen_Ordinal;
  ::fidl::BytePart _response_bytes(_write_bytes, _kWriteAllocSize, sizeof(EventOrdinalFifteenResponse));
  return ::fidl::Write(zx::unowned_channel(_chan), ::fidl::DecodedMessage<EventOrdinalFifteenResponse>(std::move(_response_bytes)));
}


zx_status_t SwitchingOrdinals::SendEventOnlyGeneratedOrdinalEvent(::zx::unowned_channel _chan) {
  constexpr uint32_t _kWriteAllocSize = ::fidl::internal::ClampedMessageSize<EventOnlyGeneratedOrdinalResponse>();
  FIDL_ALIGNDECL uint8_t _write_bytes[_kWriteAllocSize] = {};
  auto& _response = *reinterpret_cast<EventOnlyGeneratedOrdinalResponse*>(_write_bytes);
  _response._hdr = {};
  _response._hdr.ordinal = kSwitchingOrdinals_EventOnlyGeneratedOrdinal_Ordinal;
  ::fidl::BytePart _response_bytes(_write_bytes, _kWriteAllocSize, sizeof(EventOnlyGeneratedOrdinalResponse));
  return ::fidl::Write(zx::unowned_channel(_chan), ::fidl::DecodedMessage<EventOnlyGeneratedOrdinalResponse>(std::move(_response_bytes)));
}


}  // namespace name
}  // namespace test
}  // namespace llcpp
