// WARNING: This file is machine generated by fidlgen.

#include <protocol_request.test.fidl.json.overnet_embedded.h>

#include "src/connectivity/overnet/deprecated/lib/embedded/implementation.h"
namespace test {
namespace name {
namespace embedded {


}  // namespace embedded
}  // namespace name
}  // namespace test
