# Copyright 2018 The Fuchsia Authors. All rights reserved.
# Use of this source code is governed by a BSD-style license that can be found in the LICENSE file.
#
# WARNING: This file is machine generated by fidlgen.

include <test/name/c/fidl.h>
test_name_ErrorEnun = test_name_ErrorEnun_ERR_FOO, test_name_ErrorEnun_ERR_BAR
test_name_WithErrorSyntax_ErrorAsPrimitive_ResponseInLine {
       padding int8
} [packed]
test_name_WithErrorSyntax_ErrorAsPrimitive_ResponseOutOfLine {
       void void
} [packed]
test_name_WithErrorSyntax_ErrorAsPrimitive_ResponseHandles {
       void void
} [packed]
test_name_WithErrorSyntax_ErrorAsEnum_ResponseInLine {
       padding int8
} [packed]
test_name_WithErrorSyntax_ErrorAsEnum_ResponseOutOfLine {
       void void
} [packed]
test_name_WithErrorSyntax_ErrorAsEnum_ResponseHandles {
       void void
} [packed]
test_name_WithErrorSyntax_ErrorAsPrimitive_ResultInLine [
       responseInLine fidl_union_member[test_name_WithErrorSyntax_ErrorAsPrimitive_ResultTag_response, test_name_WithErrorSyntax_ErrorAsPrimitive_ResponseInLine]
       err fidl_union_member[test_name_WithErrorSyntax_ErrorAsPrimitive_ResultTag_err, int32]
]
test_name_WithErrorSyntax_ErrorAsPrimitive_ResultOutOfLine [
       responseOutOfLine test_name_WithErrorSyntax_ErrorAsPrimitive_ResponseOutOfLine
][varlen]
test_name_WithErrorSyntax_ErrorAsPrimitive_ResultHandles [
       response test_name_WithErrorSyntax_ErrorAsPrimitive_ResponseHandles
][varlen]
test_name_WithErrorSyntax_ErrorAsEnum_ResultInLine [
       responseInLine fidl_union_member[test_name_WithErrorSyntax_ErrorAsEnum_ResultTag_response, test_name_WithErrorSyntax_ErrorAsEnum_ResponseInLine]
       err fidl_union_member[test_name_WithErrorSyntax_ErrorAsEnum_ResultTag_err, flags[test_name_ErrorEnun, int32]]
]
test_name_WithErrorSyntax_ErrorAsEnum_ResultOutOfLine [
       responseOutOfLine test_name_WithErrorSyntax_ErrorAsEnum_ResponseOutOfLine
][varlen]
test_name_WithErrorSyntax_ErrorAsEnum_ResultHandles [
       response test_name_WithErrorSyntax_ErrorAsEnum_ResponseHandles
][varlen]


test_name_WithAndWithoutRequestResponseNoRequestNoResponseRequest {
       hdr fidl_message_header[503576693]
} [packed]
test_name_WithAndWithoutRequestResponseNoRequestNoResponseRequestHandles {
       void void
} [packed]
test_name_WithAndWithoutRequestResponseNoRequestEmptyResponseRequest {
       hdr fidl_message_header[1308023765]
} [packed]
test_name_WithAndWithoutRequestResponseNoRequestEmptyResponseRequestHandles {
       void void
} [packed]
test_name_WithAndWithoutRequestResponseNoRequestEmptyResponseResponse {
       hdr fidl_message_header[1308023765]
} [packed]
test_name_WithAndWithoutRequestResponseNoRequestEmptyResponseResponseHandles {
       void void
} [packed]
test_name_WithAndWithoutRequestResponseNoRequestWithResponseRequest {
       hdr fidl_message_header[107534328]
} [packed]
test_name_WithAndWithoutRequestResponseNoRequestWithResponseRequestHandles {
       void void
} [packed]
test_name_WithAndWithoutRequestResponseNoRequestWithResponseResponse {
       hdr fidl_message_header[107534328]
       retInLine fidl_string
       retOutOfLine fidl_aligned[stringnoz]
} [packed]
test_name_WithAndWithoutRequestResponseNoRequestWithResponseResponseHandles {
       void void
} [packed]
test_name_WithAndWithoutRequestResponseWithRequestNoResponseRequest {
       hdr fidl_message_header[432149361]
       argInLine fidl_string
       argOutOfLine fidl_aligned[stringnoz]
} [packed]
test_name_WithAndWithoutRequestResponseWithRequestNoResponseRequestHandles {
       void void
} [packed]
test_name_WithAndWithoutRequestResponseWithRequestEmptyResponseRequest {
       hdr fidl_message_header[1995585907]
       argInLine fidl_string
       argOutOfLine fidl_aligned[stringnoz]
} [packed]
test_name_WithAndWithoutRequestResponseWithRequestEmptyResponseRequestHandles {
       void void
} [packed]
test_name_WithAndWithoutRequestResponseWithRequestEmptyResponseResponse {
       hdr fidl_message_header[1995585907]
} [packed]
test_name_WithAndWithoutRequestResponseWithRequestEmptyResponseResponseHandles {
       void void
} [packed]
test_name_WithAndWithoutRequestResponseWithRequestWithResponseRequest {
       hdr fidl_message_header[426977568]
       argInLine fidl_string
       argOutOfLine fidl_aligned[stringnoz]
} [packed]
test_name_WithAndWithoutRequestResponseWithRequestWithResponseRequestHandles {
       void void
} [packed]
test_name_WithAndWithoutRequestResponseWithRequestWithResponseResponse {
       hdr fidl_message_header[426977568]
       retInLine fidl_string
       retOutOfLine fidl_aligned[stringnoz]
} [packed]
test_name_WithAndWithoutRequestResponseWithRequestWithResponseResponseHandles {
       void void
} [packed]
test_name_WithAndWithoutRequestResponseOnEmptyResponseEvent {
       hdr fidl_message_header[1769985842]
} [packed]
test_name_WithAndWithoutRequestResponseOnEmptyResponseEventHandles {
       void void
} [packed]
test_name_WithAndWithoutRequestResponseOnWithResponseEvent {
       hdr fidl_message_header[2051478023]
       retInLine fidl_string
       retOutOfLine fidl_aligned[stringnoz]
} [packed]
test_name_WithAndWithoutRequestResponseOnWithResponseEventHandles {
       void void
} [packed]

resource zx_chan_test_name_WithAndWithoutRequestResponse_client[zx_chan]
resource zx_chan_test_name_WithAndWithoutRequestResponse_server[zx_chan]

zx_channel_create$test_name_WithAndWithoutRequestResponse(options const[0], out0 ptr[out, zx_chan_test_name_WithAndWithoutRequestResponse_client], out1 ptr[out, zx_chan_test_name_WithAndWithoutRequestResponse_server])
fdio_service_connect$test_name_WithAndWithoutRequestResponse(path ptr[in, string["/svc/"]], handle zx_chan_test_name_WithAndWithoutRequestResponse_server)
zx_channel_write$test_name_WithAndWithoutRequestResponseNoRequestNoResponse(handle zx_chan_test_name_WithAndWithoutRequestResponse_client, options const[0], bytes ptr[in, test_name_WithAndWithoutRequestResponseNoRequestNoResponseRequest], num_bytes bytesize[bytes], handles ptr[in, test_name_WithAndWithoutRequestResponseNoRequestNoResponseRequestHandles], num_handles bytesize[handles])
zx_channel_call$test_name_WithAndWithoutRequestResponseNoRequestEmptyResponse(handle zx_chan_test_name_WithAndWithoutRequestResponse_client, options const[0], deadline zx_time, args ptr[in, fidl_call_args[test_name_WithAndWithoutRequestResponseNoRequestEmptyResponseRequest, test_name_WithAndWithoutRequestResponseNoRequestEmptyResponseRequestHandles, array[int8, ZX_CHANNEL_MAX_MSG_BYTES], test_name_WithAndWithoutRequestResponseNoRequestEmptyResponseResponseHandles]], actual_bytes ptr[out, int32], actual_handles ptr[out, int32])
zx_channel_call$test_name_WithAndWithoutRequestResponseNoRequestWithResponse(handle zx_chan_test_name_WithAndWithoutRequestResponse_client, options const[0], deadline zx_time, args ptr[in, fidl_call_args[test_name_WithAndWithoutRequestResponseNoRequestWithResponseRequest, test_name_WithAndWithoutRequestResponseNoRequestWithResponseRequestHandles, array[int8, ZX_CHANNEL_MAX_MSG_BYTES], test_name_WithAndWithoutRequestResponseNoRequestWithResponseResponseHandles]], actual_bytes ptr[out, int32], actual_handles ptr[out, int32])
zx_channel_write$test_name_WithAndWithoutRequestResponseWithRequestNoResponse(handle zx_chan_test_name_WithAndWithoutRequestResponse_client, options const[0], bytes ptr[in, test_name_WithAndWithoutRequestResponseWithRequestNoResponseRequest], num_bytes bytesize[bytes], handles ptr[in, test_name_WithAndWithoutRequestResponseWithRequestNoResponseRequestHandles], num_handles bytesize[handles])
zx_channel_call$test_name_WithAndWithoutRequestResponseWithRequestEmptyResponse(handle zx_chan_test_name_WithAndWithoutRequestResponse_client, options const[0], deadline zx_time, args ptr[in, fidl_call_args[test_name_WithAndWithoutRequestResponseWithRequestEmptyResponseRequest, test_name_WithAndWithoutRequestResponseWithRequestEmptyResponseRequestHandles, array[int8, ZX_CHANNEL_MAX_MSG_BYTES], test_name_WithAndWithoutRequestResponseWithRequestEmptyResponseResponseHandles]], actual_bytes ptr[out, int32], actual_handles ptr[out, int32])
zx_channel_call$test_name_WithAndWithoutRequestResponseWithRequestWithResponse(handle zx_chan_test_name_WithAndWithoutRequestResponse_client, options const[0], deadline zx_time, args ptr[in, fidl_call_args[test_name_WithAndWithoutRequestResponseWithRequestWithResponseRequest, test_name_WithAndWithoutRequestResponseWithRequestWithResponseRequestHandles, array[int8, ZX_CHANNEL_MAX_MSG_BYTES], test_name_WithAndWithoutRequestResponseWithRequestWithResponseResponseHandles]], actual_bytes ptr[out, int32], actual_handles ptr[out, int32])
zx_channel_read$test_name_WithAndWithoutRequestResponseOnEmptyResponse(handle zx_chan_test_name_WithAndWithoutRequestResponse_client, options const[0], bytes ptr[out, array[int8, ZX_CHANNEL_MAX_MSG_BYTES]], num_bytes bytesize[bytes], handles ptr[out, test_name_WithAndWithoutRequestResponseOnEmptyResponseEventHandles], num_handles bytesize[handles], actual_bytes ptr[out, int32], actual_handles ptr[out, int32])
zx_channel_read$test_name_WithAndWithoutRequestResponseOnWithResponse(handle zx_chan_test_name_WithAndWithoutRequestResponse_client, options const[0], bytes ptr[out, array[int8, ZX_CHANNEL_MAX_MSG_BYTES]], num_bytes bytesize[bytes], handles ptr[out, test_name_WithAndWithoutRequestResponseOnWithResponseEventHandles], num_handles bytesize[handles], actual_bytes ptr[out, int32], actual_handles ptr[out, int32])


test_name_WithErrorSyntaxErrorAsPrimitiveRequest {
       hdr fidl_message_header[2069369145]
} [packed]
test_name_WithErrorSyntaxErrorAsPrimitiveRequestHandles {
       void void
} [packed]
test_name_WithErrorSyntaxErrorAsPrimitiveResponse {
       hdr fidl_message_header[2069369145]
       resultInLine test_name_WithErrorSyntax_ErrorAsPrimitive_ResultInLine
       resultOutOfLine test_name_WithErrorSyntax_ErrorAsPrimitive_ResultOutOfLine
} [packed]
test_name_WithErrorSyntaxErrorAsPrimitiveResponseHandles {
       result test_name_WithErrorSyntax_ErrorAsPrimitive_ResultHandles
} [packed]
test_name_WithErrorSyntaxErrorAsEnumRequest {
       hdr fidl_message_header[1284890143]
} [packed]
test_name_WithErrorSyntaxErrorAsEnumRequestHandles {
       void void
} [packed]
test_name_WithErrorSyntaxErrorAsEnumResponse {
       hdr fidl_message_header[1284890143]
       resultInLine test_name_WithErrorSyntax_ErrorAsEnum_ResultInLine
       resultOutOfLine test_name_WithErrorSyntax_ErrorAsEnum_ResultOutOfLine
} [packed]
test_name_WithErrorSyntaxErrorAsEnumResponseHandles {
       result test_name_WithErrorSyntax_ErrorAsEnum_ResultHandles
} [packed]

resource zx_chan_test_name_WithErrorSyntax_client[zx_chan]
resource zx_chan_test_name_WithErrorSyntax_server[zx_chan]

zx_channel_create$test_name_WithErrorSyntax(options const[0], out0 ptr[out, zx_chan_test_name_WithErrorSyntax_client], out1 ptr[out, zx_chan_test_name_WithErrorSyntax_server])
fdio_service_connect$test_name_WithErrorSyntax(path ptr[in, string["/svc/"]], handle zx_chan_test_name_WithErrorSyntax_server)
zx_channel_call$test_name_WithErrorSyntaxErrorAsPrimitive(handle zx_chan_test_name_WithErrorSyntax_client, options const[0], deadline zx_time, args ptr[in, fidl_call_args[test_name_WithErrorSyntaxErrorAsPrimitiveRequest, test_name_WithErrorSyntaxErrorAsPrimitiveRequestHandles, array[int8, ZX_CHANNEL_MAX_MSG_BYTES], test_name_WithErrorSyntaxErrorAsPrimitiveResponseHandles]], actual_bytes ptr[out, int32], actual_handles ptr[out, int32])
zx_channel_call$test_name_WithErrorSyntaxErrorAsEnum(handle zx_chan_test_name_WithErrorSyntax_client, options const[0], deadline zx_time, args ptr[in, fidl_call_args[test_name_WithErrorSyntaxErrorAsEnumRequest, test_name_WithErrorSyntaxErrorAsEnumRequestHandles, array[int8, ZX_CHANNEL_MAX_MSG_BYTES], test_name_WithErrorSyntaxErrorAsEnumResponseHandles]], actual_bytes ptr[out, int32], actual_handles ptr[out, int32])


test_name_OvernetInternalProtocolMethodARequest {
       hdr fidl_message_header[1993818253]
       a int64
       b int64
} [packed]
test_name_OvernetInternalProtocolMethodARequestHandles {
       void void
} [packed]
test_name_OvernetInternalProtocolEventAEvent {
       hdr fidl_message_header[1746007436]
       a int64
       b int64
} [packed]
test_name_OvernetInternalProtocolEventAEventHandles {
       void void
} [packed]
test_name_OvernetInternalProtocolMethodBRequest {
       hdr fidl_message_header[952134976]
       a int64
       b int64
} [packed]
test_name_OvernetInternalProtocolMethodBRequestHandles {
       void void
} [packed]
test_name_OvernetInternalProtocolMethodBResponse {
       hdr fidl_message_header[952134976]
       result int64
} [packed]
test_name_OvernetInternalProtocolMethodBResponseHandles {
       void void
} [packed]
test_name_OvernetInternalProtocolMutateSocketRequest {
       hdr fidl_message_header[1691201382]
       a flags[fidl_handle_presence, int32]
} [packed]
test_name_OvernetInternalProtocolMutateSocketRequestHandles {
       a zx_socket
} [packed]
test_name_OvernetInternalProtocolMutateSocketResponse {
       hdr fidl_message_header[1691201382]
       b flags[fidl_handle_presence, int32]
} [packed]
test_name_OvernetInternalProtocolMutateSocketResponseHandles {
       b zx_socket
} [packed]

resource zx_chan_test_name_OvernetInternalProtocol_client[zx_chan]
resource zx_chan_test_name_OvernetInternalProtocol_server[zx_chan]

zx_channel_create$test_name_OvernetInternalProtocol(options const[0], out0 ptr[out, zx_chan_test_name_OvernetInternalProtocol_client], out1 ptr[out, zx_chan_test_name_OvernetInternalProtocol_server])
fdio_service_connect$test_name_OvernetInternalProtocol(path ptr[in, string["/svc/"]], handle zx_chan_test_name_OvernetInternalProtocol_server)
zx_channel_write$test_name_OvernetInternalProtocolMethodA(handle zx_chan_test_name_OvernetInternalProtocol_client, options const[0], bytes ptr[in, test_name_OvernetInternalProtocolMethodARequest], num_bytes bytesize[bytes], handles ptr[in, test_name_OvernetInternalProtocolMethodARequestHandles], num_handles bytesize[handles])
zx_channel_read$test_name_OvernetInternalProtocolEventA(handle zx_chan_test_name_OvernetInternalProtocol_client, options const[0], bytes ptr[out, array[int8, ZX_CHANNEL_MAX_MSG_BYTES]], num_bytes bytesize[bytes], handles ptr[out, test_name_OvernetInternalProtocolEventAEventHandles], num_handles bytesize[handles], actual_bytes ptr[out, int32], actual_handles ptr[out, int32])
zx_channel_call$test_name_OvernetInternalProtocolMethodB(handle zx_chan_test_name_OvernetInternalProtocol_client, options const[0], deadline zx_time, args ptr[in, fidl_call_args[test_name_OvernetInternalProtocolMethodBRequest, test_name_OvernetInternalProtocolMethodBRequestHandles, array[int8, ZX_CHANNEL_MAX_MSG_BYTES], test_name_OvernetInternalProtocolMethodBResponseHandles]], actual_bytes ptr[out, int32], actual_handles ptr[out, int32])
zx_channel_call$test_name_OvernetInternalProtocolMutateSocket(handle zx_chan_test_name_OvernetInternalProtocol_client, options const[0], deadline zx_time, args ptr[in, fidl_call_args[test_name_OvernetInternalProtocolMutateSocketRequest, test_name_OvernetInternalProtocolMutateSocketRequestHandles, array[int8, ZX_CHANNEL_MAX_MSG_BYTES], test_name_OvernetInternalProtocolMutateSocketResponseHandles]], actual_bytes ptr[out, int32], actual_handles ptr[out, int32])


test_name_ChannelProtocolMethodARequest {
       hdr fidl_message_header[1432785874]
       a int64
       b int64
} [packed]
test_name_ChannelProtocolMethodARequestHandles {
       void void
} [packed]
test_name_ChannelProtocolEventAEvent {
       hdr fidl_message_header[477676034]
       a int64
       b int64
} [packed]
test_name_ChannelProtocolEventAEventHandles {
       void void
} [packed]
test_name_ChannelProtocolMethodBRequest {
       hdr fidl_message_header[180770075]
       a int64
       b int64
} [packed]
test_name_ChannelProtocolMethodBRequestHandles {
       void void
} [packed]
test_name_ChannelProtocolMethodBResponse {
       hdr fidl_message_header[180770075]
       result int64
} [packed]
test_name_ChannelProtocolMethodBResponseHandles {
       void void
} [packed]
test_name_ChannelProtocolMutateSocketRequest {
       hdr fidl_message_header[1258480262]
       a flags[fidl_handle_presence, int32]
} [packed]
test_name_ChannelProtocolMutateSocketRequestHandles {
       a zx_socket
} [packed]
test_name_ChannelProtocolMutateSocketResponse {
       hdr fidl_message_header[1258480262]
       b flags[fidl_handle_presence, int32]
} [packed]
test_name_ChannelProtocolMutateSocketResponseHandles {
       b zx_socket
} [packed]

resource zx_chan_test_name_ChannelProtocol_client[zx_chan]
resource zx_chan_test_name_ChannelProtocol_server[zx_chan]

zx_channel_create$test_name_ChannelProtocol(options const[0], out0 ptr[out, zx_chan_test_name_ChannelProtocol_client], out1 ptr[out, zx_chan_test_name_ChannelProtocol_server])
fdio_service_connect$test_name_ChannelProtocol(path ptr[in, string["/svc/"]], handle zx_chan_test_name_ChannelProtocol_server)
zx_channel_write$test_name_ChannelProtocolMethodA(handle zx_chan_test_name_ChannelProtocol_client, options const[0], bytes ptr[in, test_name_ChannelProtocolMethodARequest], num_bytes bytesize[bytes], handles ptr[in, test_name_ChannelProtocolMethodARequestHandles], num_handles bytesize[handles])
zx_channel_read$test_name_ChannelProtocolEventA(handle zx_chan_test_name_ChannelProtocol_client, options const[0], bytes ptr[out, array[int8, ZX_CHANNEL_MAX_MSG_BYTES]], num_bytes bytesize[bytes], handles ptr[out, test_name_ChannelProtocolEventAEventHandles], num_handles bytesize[handles], actual_bytes ptr[out, int32], actual_handles ptr[out, int32])
zx_channel_call$test_name_ChannelProtocolMethodB(handle zx_chan_test_name_ChannelProtocol_client, options const[0], deadline zx_time, args ptr[in, fidl_call_args[test_name_ChannelProtocolMethodBRequest, test_name_ChannelProtocolMethodBRequestHandles, array[int8, ZX_CHANNEL_MAX_MSG_BYTES], test_name_ChannelProtocolMethodBResponseHandles]], actual_bytes ptr[out, int32], actual_handles ptr[out, int32])
zx_channel_call$test_name_ChannelProtocolMutateSocket(handle zx_chan_test_name_ChannelProtocol_client, options const[0], deadline zx_time, args ptr[in, fidl_call_args[test_name_ChannelProtocolMutateSocketRequest, test_name_ChannelProtocolMutateSocketRequestHandles, array[int8, ZX_CHANNEL_MAX_MSG_BYTES], test_name_ChannelProtocolMutateSocketResponseHandles]], actual_bytes ptr[out, int32], actual_handles ptr[out, int32])


test_name_KitchenSinkMethodARequest {
       hdr fidl_message_header[450577456]
       a int64
       b int64
} [packed]
test_name_KitchenSinkMethodARequestHandles {
       void void
} [packed]
test_name_KitchenSinkEventAEvent {
       hdr fidl_message_header[1795426833]
       a int64
       b int64
} [packed]
test_name_KitchenSinkEventAEventHandles {
       void void
} [packed]
test_name_KitchenSinkMethodBRequest {
       hdr fidl_message_header[1999489700]
       a int64
       b int64
} [packed]
test_name_KitchenSinkMethodBRequestHandles {
       void void
} [packed]
test_name_KitchenSinkMethodBResponse {
       hdr fidl_message_header[1999489700]
       result int64
} [packed]
test_name_KitchenSinkMethodBResponseHandles {
       void void
} [packed]
test_name_KitchenSinkMutateSocketRequest {
       hdr fidl_message_header[115851270]
       a flags[fidl_handle_presence, int32]
} [packed]
test_name_KitchenSinkMutateSocketRequestHandles {
       a zx_socket
} [packed]
test_name_KitchenSinkMutateSocketResponse {
       hdr fidl_message_header[115851270]
       b flags[fidl_handle_presence, int32]
} [packed]
test_name_KitchenSinkMutateSocketResponseHandles {
       b zx_socket
} [packed]

resource zx_chan_test_name_KitchenSink_client[zx_chan]
resource zx_chan_test_name_KitchenSink_server[zx_chan]

zx_channel_create$test_name_KitchenSink(options const[0], out0 ptr[out, zx_chan_test_name_KitchenSink_client], out1 ptr[out, zx_chan_test_name_KitchenSink_server])
fdio_service_connect$test_name_KitchenSink(path ptr[in, string["/svc/"]], handle zx_chan_test_name_KitchenSink_server)
zx_channel_write$test_name_KitchenSinkMethodA(handle zx_chan_test_name_KitchenSink_client, options const[0], bytes ptr[in, test_name_KitchenSinkMethodARequest], num_bytes bytesize[bytes], handles ptr[in, test_name_KitchenSinkMethodARequestHandles], num_handles bytesize[handles])
zx_channel_read$test_name_KitchenSinkEventA(handle zx_chan_test_name_KitchenSink_client, options const[0], bytes ptr[out, array[int8, ZX_CHANNEL_MAX_MSG_BYTES]], num_bytes bytesize[bytes], handles ptr[out, test_name_KitchenSinkEventAEventHandles], num_handles bytesize[handles], actual_bytes ptr[out, int32], actual_handles ptr[out, int32])
zx_channel_call$test_name_KitchenSinkMethodB(handle zx_chan_test_name_KitchenSink_client, options const[0], deadline zx_time, args ptr[in, fidl_call_args[test_name_KitchenSinkMethodBRequest, test_name_KitchenSinkMethodBRequestHandles, array[int8, ZX_CHANNEL_MAX_MSG_BYTES], test_name_KitchenSinkMethodBResponseHandles]], actual_bytes ptr[out, int32], actual_handles ptr[out, int32])
zx_channel_call$test_name_KitchenSinkMutateSocket(handle zx_chan_test_name_KitchenSink_client, options const[0], deadline zx_time, args ptr[in, fidl_call_args[test_name_KitchenSinkMutateSocketRequest, test_name_KitchenSinkMutateSocketRequestHandles, array[int8, ZX_CHANNEL_MAX_MSG_BYTES], test_name_KitchenSinkMutateSocketResponseHandles]], actual_bytes ptr[out, int32], actual_handles ptr[out, int32])

