// WARNING: This file is machine generated by fidlgen.

#include <tables.test.fidl.json.llcpp.h>
#include <memory>

namespace llcpp {

namespace test {
namespace name {

}  // namespace name
}  // namespace test
}  // namespace llcpp
