// Code generated by fidlgen; DO NOT EDIT.

package name






type EmptyTable struct {
	_ struct{} `fidl2:"t,16,8"`
}

type SimpleTable struct {
	_ struct{} `fidl2:"t,16,8"`
	X int64 `fidl:"1" fidl2:"1"`
	XPresent bool
	Y int64 `fidl:"5" fidl2:"5"`
	YPresent bool
}

func (u *SimpleTable) SetX(x int64) {
	u.X = x
	u.XPresent = true
}

func (u *SimpleTable) GetX() int64 {
	return u.X
}

func (u *SimpleTable) GetXWithDefault(_default int64) int64 {
	if !u.HasX() {
		return _default
	}
	return u.X
}

func (u *SimpleTable) HasX() bool {
	return u.XPresent
}

func (u *SimpleTable) ClearX() {
	u.XPresent = false
}

func (u *SimpleTable) SetY(y int64) {
	u.Y = y
	u.YPresent = true
}

func (u *SimpleTable) GetY() int64 {
	return u.Y
}

func (u *SimpleTable) GetYWithDefault(_default int64) int64 {
	if !u.HasY() {
		return _default
	}
	return u.Y
}

func (u *SimpleTable) HasY() bool {
	return u.YPresent
}

func (u *SimpleTable) ClearY() {
	u.YPresent = false
}

type OlderSimpleTable struct {
	_ struct{} `fidl2:"t,16,8"`
	X int64 `fidl:"1" fidl2:"1"`
	XPresent bool
}

func (u *OlderSimpleTable) SetX(x int64) {
	u.X = x
	u.XPresent = true
}

func (u *OlderSimpleTable) GetX() int64 {
	return u.X
}

func (u *OlderSimpleTable) GetXWithDefault(_default int64) int64 {
	if !u.HasX() {
		return _default
	}
	return u.X
}

func (u *OlderSimpleTable) HasX() bool {
	return u.XPresent
}

func (u *OlderSimpleTable) ClearX() {
	u.XPresent = false
}

type NewerSimpleTable struct {
	_ struct{} `fidl2:"t,16,8"`
	X int64 `fidl:"1" fidl2:"1"`
	XPresent bool
	Y int64 `fidl:"5" fidl2:"5"`
	YPresent bool
	Z int64 `fidl:"6" fidl2:"6"`
	ZPresent bool
}

func (u *NewerSimpleTable) SetX(x int64) {
	u.X = x
	u.XPresent = true
}

func (u *NewerSimpleTable) GetX() int64 {
	return u.X
}

func (u *NewerSimpleTable) GetXWithDefault(_default int64) int64 {
	if !u.HasX() {
		return _default
	}
	return u.X
}

func (u *NewerSimpleTable) HasX() bool {
	return u.XPresent
}

func (u *NewerSimpleTable) ClearX() {
	u.XPresent = false
}

func (u *NewerSimpleTable) SetY(y int64) {
	u.Y = y
	u.YPresent = true
}

func (u *NewerSimpleTable) GetY() int64 {
	return u.Y
}

func (u *NewerSimpleTable) GetYWithDefault(_default int64) int64 {
	if !u.HasY() {
		return _default
	}
	return u.Y
}

func (u *NewerSimpleTable) HasY() bool {
	return u.YPresent
}

func (u *NewerSimpleTable) ClearY() {
	u.YPresent = false
}

func (u *NewerSimpleTable) SetZ(z int64) {
	u.Z = z
	u.ZPresent = true
}

func (u *NewerSimpleTable) GetZ() int64 {
	return u.Z
}

func (u *NewerSimpleTable) GetZWithDefault(_default int64) int64 {
	if !u.HasZ() {
		return _default
	}
	return u.Z
}

func (u *NewerSimpleTable) HasZ() bool {
	return u.ZPresent
}

func (u *NewerSimpleTable) ClearZ() {
	u.ZPresent = false
}
