// WARNING: This file is machine generated by fidlgen.

#![allow(
	deprecated, // FIDL Impl struct pattern is referenced internally
	unused_parens, // one-element-tuple-case is not a tuple
	unused_mut, // not all args require mutation, but many do
	nonstandard_style, // auto-caps does its best, but is not always successful
)]

#[cfg(target_os = "fuchsia")]
#[allow(unused_imports)]
use fuchsia_zircon as zx;
#[allow(unused_imports)]
use fidl::{
	fidl_bits,
	fidl_enum,
	fidl_empty_struct,
	fidl_struct,
	fidl_table,
	fidl_union,
	fidl_xunion,
};


fidl_union! {
  #[derive(Debug, Clone, Eq, PartialEq, Ord, PartialOrd, Hash)]
  name: Union,
  members: [
    Primitive {
      ty: i32,
      offset: 8,
    },
    StringNeedsConstructor {
      ty: String,
      offset: 8,
    },
    VectorStringAlsoNeedsConstructor {
      ty: Vec<String>,
      offset: 8,
    },
  ],
  size: 24,
  align: 8,
}
