// WARNING: This file is machine generated by fidlgen.

#include <union.test.fidl.json.llcpp.h>
#include <memory>

namespace llcpp {

namespace test {
namespace name {

::llcpp::test::name::Union::Union() {
  tag_ = Tag::Invalid;
}

::llcpp::test::name::Union::~Union() {
  Destroy();
}

void ::llcpp::test::name::Union::Destroy() {
  switch (which()) {
  default:
    break;
  }
  tag_ = Tag::Invalid;
}

void ::llcpp::test::name::Union::MoveImpl_(Union&& other) {
  switch (other.which()) {
  case Tag::kPrimitive:
    mutable_Primitive() = std::move(other.mutable_Primitive());
    break;
  case Tag::kStringNeedsConstructor:
    mutable_StringNeedsConstructor() = std::move(other.mutable_StringNeedsConstructor());
    break;
  case Tag::kVectorStringAlsoNeedsConstructor:
    mutable_VectorStringAlsoNeedsConstructor() = std::move(other.mutable_VectorStringAlsoNeedsConstructor());
    break;
  default:
    break;
  }
  other.Destroy();
}

void ::llcpp::test::name::Union::SizeAndOffsetAssertionHelper() {
  static_assert(offsetof(::llcpp::test::name::Union, Primitive_) == 8);
  static_assert(offsetof(::llcpp::test::name::Union, StringNeedsConstructor_) == 8);
  static_assert(offsetof(::llcpp::test::name::Union, VectorStringAlsoNeedsConstructor_) == 8);
  static_assert(sizeof(::llcpp::test::name::Union) == ::llcpp::test::name::Union::PrimarySize);
}


int32_t& ::llcpp::test::name::Union::mutable_Primitive() {
  if (which() != Tag::kPrimitive) {
    Destroy();
    new (&Primitive_) int32_t;
  }
  tag_ = Tag::kPrimitive;
  return Primitive_;
}

::fidl::StringView& ::llcpp::test::name::Union::mutable_StringNeedsConstructor() {
  if (which() != Tag::kStringNeedsConstructor) {
    Destroy();
    new (&StringNeedsConstructor_) ::fidl::StringView;
  }
  tag_ = Tag::kStringNeedsConstructor;
  return StringNeedsConstructor_;
}

::fidl::VectorView<::fidl::StringView>& ::llcpp::test::name::Union::mutable_VectorStringAlsoNeedsConstructor() {
  if (which() != Tag::kVectorStringAlsoNeedsConstructor) {
    Destroy();
    new (&VectorStringAlsoNeedsConstructor_) ::fidl::VectorView<::fidl::StringView>;
  }
  tag_ = Tag::kVectorStringAlsoNeedsConstructor;
  return VectorStringAlsoNeedsConstructor_;
}


}  // namespace name
}  // namespace test
}  // namespace llcpp
